==== JOB START : Wed 20 Aug 2025 03:57:50 PM KST ====
/data/clue9986/anaconda3/bin/python
Epoch [1/90], Train Loss: 3.5735, Val Loss: 2.4043, Val Accuracy: 10.70%, LR: 0.1
New best model saved at: ./models/best_model_resnet34.pth with accuracy: 10.70%
Epoch [2/90], Train Loss: 2.3105, Val Loss: 2.3015, Val Accuracy: 9.61%, LR: 0.1
Epoch [3/90], Train Loss: 2.3001, Val Loss: 2.2897, Val Accuracy: 12.05%, LR: 0.1
New best model saved at: ./models/best_model_resnet34.pth with accuracy: 12.05%
Epoch [4/90], Train Loss: 2.2901, Val Loss: 2.2698, Val Accuracy: 16.15%, LR: 0.1
New best model saved at: ./models/best_model_resnet34.pth with accuracy: 16.15%
Epoch [5/90], Train Loss: 2.2134, Val Loss: 2.1336, Val Accuracy: 19.39%, LR: 0.1
New best model saved at: ./models/best_model_resnet34.pth with accuracy: 19.39%
Epoch [6/90], Train Loss: 2.1798, Val Loss: 2.1483, Val Accuracy: 20.00%, LR: 0.1
New best model saved at: ./models/best_model_resnet34.pth with accuracy: 20.00%
Epoch [7/90], Train Loss: 2.1569, Val Loss: 2.1265, Val Accuracy: 21.35%, LR: 0.1
New best model saved at: ./models/best_model_resnet34.pth with accuracy: 21.35%
Epoch [8/90], Train Loss: 2.1146, Val Loss: 2.0408, Val Accuracy: 28.38%, LR: 0.1
New best model saved at: ./models/best_model_resnet34.pth with accuracy: 28.38%
Epoch [9/90], Train Loss: 2.0902, Val Loss: 2.0180, Val Accuracy: 28.51%, LR: 0.1
New best model saved at: ./models/best_model_resnet34.pth with accuracy: 28.51%
Epoch [10/90], Train Loss: 2.0570, Val Loss: 1.9625, Val Accuracy: 29.83%, LR: 0.1
New best model saved at: ./models/best_model_resnet34.pth with accuracy: 29.83%
Epoch [11/90], Train Loss: 2.0008, Val Loss: 1.8937, Val Accuracy: 33.30%, LR: 0.1
New best model saved at: ./models/best_model_resnet34.pth with accuracy: 33.30%
Epoch [12/90], Train Loss: 1.9463, Val Loss: 1.7968, Val Accuracy: 37.99%, LR: 0.1
New best model saved at: ./models/best_model_resnet34.pth with accuracy: 37.99%
Epoch [13/90], Train Loss: 1.8906, Val Loss: 1.7540, Val Accuracy: 38.90%, LR: 0.1
New best model saved at: ./models/best_model_resnet34.pth with accuracy: 38.90%
Epoch [14/90], Train Loss: 1.8374, Val Loss: 1.7210, Val Accuracy: 39.90%, LR: 0.1
New best model saved at: ./models/best_model_resnet34.pth with accuracy: 39.90%
Epoch [15/90], Train Loss: 1.7692, Val Loss: 1.6210, Val Accuracy: 43.90%, LR: 0.1
New best model saved at: ./models/best_model_resnet34.pth with accuracy: 43.90%
Epoch [16/90], Train Loss: 1.6986, Val Loss: 1.5725, Val Accuracy: 44.64%, LR: 0.1
New best model saved at: ./models/best_model_resnet34.pth with accuracy: 44.64%
Epoch [17/90], Train Loss: 1.6143, Val Loss: 1.4550, Val Accuracy: 51.54%, LR: 0.1
New best model saved at: ./models/best_model_resnet34.pth with accuracy: 51.54%
Epoch [18/90], Train Loss: 1.5321, Val Loss: 1.4369, Val Accuracy: 51.36%, LR: 0.1
Epoch [19/90], Train Loss: 1.4513, Val Loss: 1.2374, Val Accuracy: 58.39%, LR: 0.1
New best model saved at: ./models/best_model_resnet34.pth with accuracy: 58.39%
Epoch [20/90], Train Loss: 1.3766, Val Loss: 1.2159, Val Accuracy: 59.77%, LR: 0.1
New best model saved at: ./models/best_model_resnet34.pth with accuracy: 59.77%
Epoch [21/90], Train Loss: 1.3280, Val Loss: 1.2271, Val Accuracy: 59.85%, LR: 0.1
New best model saved at: ./models/best_model_resnet34.pth with accuracy: 59.85%
Epoch [22/90], Train Loss: 1.2809, Val Loss: 1.3412, Val Accuracy: 56.66%, LR: 0.1
Epoch [23/90], Train Loss: 1.2373, Val Loss: 1.0805, Val Accuracy: 63.87%, LR: 0.1
New best model saved at: ./models/best_model_resnet34.pth with accuracy: 63.87%
Epoch [24/90], Train Loss: 1.2115, Val Loss: 1.0822, Val Accuracy: 64.74%, LR: 0.1
New best model saved at: ./models/best_model_resnet34.pth with accuracy: 64.74%
Epoch [25/90], Train Loss: 1.1602, Val Loss: 0.9879, Val Accuracy: 68.46%, LR: 0.1
New best model saved at: ./models/best_model_resnet34.pth with accuracy: 68.46%
Epoch [26/90], Train Loss: 1.1339, Val Loss: 0.9466, Val Accuracy: 69.20%, LR: 0.1
New best model saved at: ./models/best_model_resnet34.pth with accuracy: 69.20%
Epoch [27/90], Train Loss: 1.0982, Val Loss: 0.9048, Val Accuracy: 70.19%, LR: 0.1
New best model saved at: ./models/best_model_resnet34.pth with accuracy: 70.19%
Epoch [28/90], Train Loss: 1.0795, Val Loss: 1.0146, Val Accuracy: 66.62%, LR: 0.1
Epoch [29/90], Train Loss: 1.0516, Val Loss: 0.9824, Val Accuracy: 66.85%, LR: 0.1
Epoch [30/90], Train Loss: 1.0304, Val Loss: 0.9515, Val Accuracy: 68.94%, LR: 0.1
Epoch [31/90], Train Loss: 1.0068, Val Loss: 1.0215, Val Accuracy: 67.06%, LR: 0.1
Epoch [32/90], Train Loss: 1.0046, Val Loss: 1.0161, Val Accuracy: 67.18%, LR: 0.1
Epoch [33/90], Train Loss: 0.9674, Val Loss: 0.8373, Val Accuracy: 72.33%, LR: 0.1
New best model saved at: ./models/best_model_resnet34.pth with accuracy: 72.33%
Epoch [34/90], Train Loss: 0.9576, Val Loss: 0.8798, Val Accuracy: 71.59%, LR: 0.1
Epoch [35/90], Train Loss: 0.9162, Val Loss: 0.8917, Val Accuracy: 71.44%, LR: 0.1
Epoch [36/90], Train Loss: 0.9106, Val Loss: 1.0590, Val Accuracy: 66.85%, LR: 0.1
Epoch [37/90], Train Loss: 0.9015, Val Loss: 0.7634, Val Accuracy: 75.41%, LR: 0.1
New best model saved at: ./models/best_model_resnet34.pth with accuracy: 75.41%
Epoch [38/90], Train Loss: 0.8924, Val Loss: 0.7857, Val Accuracy: 74.68%, LR: 0.1
Epoch [39/90], Train Loss: 0.8626, Val Loss: 0.8239, Val Accuracy: 73.43%, LR: 0.1
Epoch [40/90], Train Loss: 0.8434, Val Loss: 0.9078, Val Accuracy: 71.62%, LR: 0.1
Epoch [41/90], Train Loss: 0.8469, Val Loss: 0.8815, Val Accuracy: 71.72%, LR: 0.1
Epoch [42/90], Train Loss: 0.8237, Val Loss: 0.9922, Val Accuracy: 69.50%, LR: 0.1
Epoch [43/90], Train Loss: 0.8178, Val Loss: 0.6621, Val Accuracy: 78.22%, LR: 0.1
New best model saved at: ./models/best_model_resnet34.pth with accuracy: 78.22%
Epoch [44/90], Train Loss: 0.7978, Val Loss: 0.6714, Val Accuracy: 77.73%, LR: 0.1
Epoch [45/90], Train Loss: 0.7907, Val Loss: 0.7590, Val Accuracy: 75.62%, LR: 0.1
Epoch [46/90], Train Loss: 0.7710, Val Loss: 0.6808, Val Accuracy: 77.86%, LR: 0.1
Epoch [47/90], Train Loss: 0.7493, Val Loss: 0.6411, Val Accuracy: 79.77%, LR: 0.1
New best model saved at: ./models/best_model_resnet34.pth with accuracy: 79.77%
Epoch [48/90], Train Loss: 0.7335, Val Loss: 0.6523, Val Accuracy: 79.54%, LR: 0.1
Epoch [49/90], Train Loss: 0.7533, Val Loss: 0.6357, Val Accuracy: 80.64%, LR: 0.1
New best model saved at: ./models/best_model_resnet34.pth with accuracy: 80.64%
Epoch [50/90], Train Loss: 0.7208, Val Loss: 0.7326, Val Accuracy: 76.41%, LR: 0.1
Epoch [51/90], Train Loss: 0.7291, Val Loss: 0.6570, Val Accuracy: 78.90%, LR: 0.1
Epoch [52/90], Train Loss: 0.7078, Val Loss: 0.6522, Val Accuracy: 79.31%, LR: 0.1
Epoch [53/90], Train Loss: 0.6845, Val Loss: 0.7778, Val Accuracy: 75.62%, LR: 0.1
Epoch [54/90], Train Loss: 0.6801, Val Loss: 0.6502, Val Accuracy: 80.31%, LR: 0.1
Epoch [55/90], Train Loss: 0.6827, Val Loss: 0.5801, Val Accuracy: 81.12%, LR: 0.1
New best model saved at: ./models/best_model_resnet34.pth with accuracy: 81.12%
Epoch [56/90], Train Loss: 0.6654, Val Loss: 0.6173, Val Accuracy: 80.05%, LR: 0.1
Epoch [57/90], Train Loss: 0.6607, Val Loss: 0.6715, Val Accuracy: 79.39%, LR: 0.1
Epoch [58/90], Train Loss: 0.6462, Val Loss: 0.7848, Val Accuracy: 75.06%, LR: 0.1
Epoch [59/90], Train Loss: 0.6374, Val Loss: 0.6013, Val Accuracy: 80.56%, LR: 0.1
Epoch [60/90], Train Loss: 0.6279, Val Loss: 0.7333, Val Accuracy: 76.97%, LR: 0.1
Epoch [61/90], Train Loss: 0.6008, Val Loss: 0.5938, Val Accuracy: 81.61%, LR: 0.1
New best model saved at: ./models/best_model_resnet34.pth with accuracy: 81.61%
Epoch [62/90], Train Loss: 0.6345, Val Loss: 0.5830, Val Accuracy: 80.87%, LR: 0.1
Epoch [63/90], Train Loss: 0.6206, Val Loss: 0.6094, Val Accuracy: 80.38%, LR: 0.1
Epoch [64/90], Train Loss: 0.6032, Val Loss: 0.5877, Val Accuracy: 81.17%, LR: 0.1
Epoch [65/90], Train Loss: 0.5935, Val Loss: 0.5021, Val Accuracy: 84.10%, LR: 0.1
New best model saved at: ./models/best_model_resnet34.pth with accuracy: 84.10%
Epoch [66/90], Train Loss: 0.5791, Val Loss: 0.7484, Val Accuracy: 77.32%, LR: 0.1
Epoch [67/90], Train Loss: 0.5853, Val Loss: 0.5353, Val Accuracy: 82.88%, LR: 0.1
Epoch [68/90], Train Loss: 0.5592, Val Loss: 0.5780, Val Accuracy: 81.15%, LR: 0.1
Epoch [69/90], Train Loss: 0.5580, Val Loss: 0.5311, Val Accuracy: 82.60%, LR: 0.1
Epoch [70/90], Train Loss: 0.5705, Val Loss: 0.5384, Val Accuracy: 83.69%, LR: 0.1
Epoch [71/90], Train Loss: 0.5600, Val Loss: 0.7071, Val Accuracy: 77.48%, LR: 0.1
Epoch [72/90], Train Loss: 0.5596, Val Loss: 0.5592, Val Accuracy: 81.53%, LR: 0.1
Epoch [73/90], Train Loss: 0.5464, Val Loss: 0.5564, Val Accuracy: 82.85%, LR: 0.1
Epoch [74/90], Train Loss: 0.5351, Val Loss: 0.5806, Val Accuracy: 82.01%, LR: 0.1
Epoch [75/90], Train Loss: 0.5209, Val Loss: 0.4648, Val Accuracy: 85.02%, LR: 0.1
New best model saved at: ./models/best_model_resnet34.pth with accuracy: 85.02%
Epoch [76/90], Train Loss: 0.5301, Val Loss: 0.5098, Val Accuracy: 83.69%, LR: 0.1
Epoch [77/90], Train Loss: 0.5172, Val Loss: 0.6095, Val Accuracy: 80.33%, LR: 0.1
Epoch [78/90], Train Loss: 0.5164, Val Loss: 0.5754, Val Accuracy: 82.39%, LR: 0.1
Epoch [79/90], Train Loss: 0.5023, Val Loss: 0.6058, Val Accuracy: 81.22%, LR: 0.1
Epoch [80/90], Train Loss: 0.5123, Val Loss: 0.6881, Val Accuracy: 78.17%, LR: 0.1
Epoch [81/90], Train Loss: 0.4996, Val Loss: 0.5968, Val Accuracy: 80.76%, LR: 0.1
Epoch [82/90], Train Loss: 0.4887, Val Loss: 0.5083, Val Accuracy: 83.95%, LR: 0.1
Epoch [83/90], Train Loss: 0.4924, Val Loss: 0.5472, Val Accuracy: 82.52%, LR: 0.1
Epoch [84/90], Train Loss: 0.4804, Val Loss: 0.5918, Val Accuracy: 82.01%, LR: 0.1
Epoch [85/90], Train Loss: 0.4908, Val Loss: 0.6109, Val Accuracy: 81.45%, LR: 0.1
Epoch [86/90], Train Loss: 0.4707, Val Loss: 0.6335, Val Accuracy: 80.97%, LR: 0.1
Epoch [87/90], Train Loss: 0.4220, Val Loss: 0.3990, Val Accuracy: 87.06%, LR: 0.010000000000000002
New best model saved at: ./models/best_model_resnet34.pth with accuracy: 87.06%
Epoch [88/90], Train Loss: 0.3817, Val Loss: 0.3854, Val Accuracy: 87.54%, LR: 0.010000000000000002
New best model saved at: ./models/best_model_resnet34.pth with accuracy: 87.54%
Epoch [89/90], Train Loss: 0.3592, Val Loss: 0.3924, Val Accuracy: 87.54%, LR: 0.010000000000000002
Epoch [90/90], Train Loss: 0.3431, Val Loss: 0.3835, Val Accuracy: 87.82%, LR: 0.010000000000000002
New best model saved at: ./models/best_model_resnet34.pth with accuracy: 87.82%
Training and validation finished! Results saved to training_results.csv.
====JOB END : Wed 20 Aug 2025 05:59:11 PM KST ====
