==== JOB START : Thu 14 Aug 2025 10:17:17 AM KST ====
/data/clue9986/anaconda3/bin/python
Downloading: "https://download.pytorch.org/models/vgg11_bn-6002323d.pth" to /home/clue9986/.cache/torch/hub/checkpoints/vgg11_bn-6002323d.pth
[Preinit] Copied 10 layers from VGG11_BN.
Epoch [1/74], Train Loss: 1.9867, Validation Loss: 1.7092, Validation Accuracy: 40.99%
New best model saved at: ./models/best_model1.pth with accuracy: 40.99%
Epoch [2/74], Train Loss: 1.6109, Validation Loss: 1.4996, Validation Accuracy: 49.38%
New best model saved at: ./models/best_model1.pth with accuracy: 49.38%
Epoch [3/74], Train Loss: 1.4146, Validation Loss: 1.3381, Validation Accuracy: 56.79%
New best model saved at: ./models/best_model1.pth with accuracy: 56.79%
Epoch [4/74], Train Loss: 1.2563, Validation Loss: 1.3470, Validation Accuracy: 55.21%
Epoch [5/74], Train Loss: 1.1505, Validation Loss: 1.1887, Validation Accuracy: 61.32%
New best model saved at: ./models/best_model1.pth with accuracy: 61.32%
Epoch [6/74], Train Loss: 1.0391, Validation Loss: 1.0030, Validation Accuracy: 67.11%
New best model saved at: ./models/best_model1.pth with accuracy: 67.11%
Epoch [7/74], Train Loss: 0.9184, Validation Loss: 0.9745, Validation Accuracy: 68.18%
New best model saved at: ./models/best_model1.pth with accuracy: 68.18%
Epoch [8/74], Train Loss: 0.8518, Validation Loss: 0.9581, Validation Accuracy: 69.04%
New best model saved at: ./models/best_model1.pth with accuracy: 69.04%
Epoch [9/74], Train Loss: 0.7588, Validation Loss: 0.8702, Validation Accuracy: 72.38%
New best model saved at: ./models/best_model1.pth with accuracy: 72.38%
Epoch [10/74], Train Loss: 0.6934, Validation Loss: 0.8225, Validation Accuracy: 73.07%
New best model saved at: ./models/best_model1.pth with accuracy: 73.07%
Epoch [11/74], Train Loss: 0.6961, Validation Loss: 0.8437, Validation Accuracy: 72.79%
Epoch [12/74], Train Loss: 0.6091, Validation Loss: 0.8594, Validation Accuracy: 73.12%
New best model saved at: ./models/best_model1.pth with accuracy: 73.12%
Epoch [13/74], Train Loss: 0.5671, Validation Loss: 0.8395, Validation Accuracy: 74.06%
New best model saved at: ./models/best_model1.pth with accuracy: 74.06%
Epoch [14/74], Train Loss: 0.5206, Validation Loss: 0.7974, Validation Accuracy: 75.46%
New best model saved at: ./models/best_model1.pth with accuracy: 75.46%
Epoch [15/74], Train Loss: 0.4709, Validation Loss: 0.8450, Validation Accuracy: 74.29%
Epoch [16/74], Train Loss: 0.4111, Validation Loss: 0.8034, Validation Accuracy: 75.62%
New best model saved at: ./models/best_model1.pth with accuracy: 75.62%
Epoch [17/74], Train Loss: 0.3449, Validation Loss: 0.8118, Validation Accuracy: 76.33%
New best model saved at: ./models/best_model1.pth with accuracy: 76.33%
Epoch [18/74], Train Loss: 0.3794, Validation Loss: 0.8708, Validation Accuracy: 74.17%
Epoch [19/74], Train Loss: 0.2948, Validation Loss: 0.8103, Validation Accuracy: 77.89%
New best model saved at: ./models/best_model1.pth with accuracy: 77.89%
Epoch [20/74], Train Loss: 0.2370, Validation Loss: 0.7725, Validation Accuracy: 77.50%
Epoch [21/74], Train Loss: 0.1734, Validation Loss: 0.9191, Validation Accuracy: 77.25%
Epoch [22/74], Train Loss: 0.1300, Validation Loss: 1.0236, Validation Accuracy: 76.23%
[LR] 0.001000 -> 0.000100 (decays=1)
Epoch [23/74], Train Loss: 0.1821, Validation Loss: 0.9644, Validation Accuracy: 76.28%
Epoch [24/74], Train Loss: 0.0543, Validation Loss: 0.9265, Validation Accuracy: 78.88%
New best model saved at: ./models/best_model1.pth with accuracy: 78.88%
Epoch [25/74], Train Loss: 0.0337, Validation Loss: 0.9613, Validation Accuracy: 79.16%
New best model saved at: ./models/best_model1.pth with accuracy: 79.16%
Epoch [26/74], Train Loss: 0.0265, Validation Loss: 1.0078, Validation Accuracy: 79.36%
New best model saved at: ./models/best_model1.pth with accuracy: 79.36%
Epoch [27/74], Train Loss: 0.0215, Validation Loss: 1.0440, Validation Accuracy: 79.34%
Epoch [28/74], Train Loss: 0.0177, Validation Loss: 1.0752, Validation Accuracy: 79.21%
Epoch [29/74], Train Loss: 0.0165, Validation Loss: 1.0825, Validation Accuracy: 79.18%
[LR] 0.000100 -> 0.000010 (decays=2)
Epoch [30/74], Train Loss: 0.0146, Validation Loss: 1.1105, Validation Accuracy: 79.16%
Epoch [31/74], Train Loss: 0.0121, Validation Loss: 1.1038, Validation Accuracy: 79.16%
Epoch [32/74], Train Loss: 0.0114, Validation Loss: 1.1070, Validation Accuracy: 79.11%
Epoch [33/74], Train Loss: 0.0128, Validation Loss: 1.1093, Validation Accuracy: 79.13%
[LR] 0.000010 -> 0.000001 (decays=3)
LR을 3회 줄여 학습을 종료합니다.
Epoch [34/74] Train Loss: 0.0130, Val Loss: 1.1115, Val Acc: 79.06%
Training and validation finished! Results saved to training_results.csv.
====JOB END : Thu 14 Aug 2025 12:32:19 PM KST ====
