==== JOB START : Thu 14 Aug 2025 12:32:20 PM KST ====
/data/clue9986/anaconda3/bin/python
Epoch [1/74], Train Loss: 1.9033, Validation Loss: 1.8945, Validation Accuracy: 38.22%
New best model saved at: ./models/best_model.pth with accuracy: 38.22%
Epoch [2/74], Train Loss: 1.4134, Validation Loss: 1.5691, Validation Accuracy: 49.25%
New best model saved at: ./models/best_model.pth with accuracy: 49.25%
Epoch [3/74], Train Loss: 1.1715, Validation Loss: 1.0996, Validation Accuracy: 64.94%
New best model saved at: ./models/best_model.pth with accuracy: 64.94%
Epoch [4/74], Train Loss: 1.0297, Validation Loss: 1.2594, Validation Accuracy: 60.18%
Epoch [5/74], Train Loss: 0.8983, Validation Loss: 1.7210, Validation Accuracy: 50.06%
Epoch [6/74], Train Loss: 0.7980, Validation Loss: 1.3981, Validation Accuracy: 59.82%
Epoch [7/74], Train Loss: 0.7022, Validation Loss: 0.8110, Validation Accuracy: 74.70%
New best model saved at: ./models/best_model.pth with accuracy: 74.70%
Epoch [8/74], Train Loss: 0.6376, Validation Loss: 1.0403, Validation Accuracy: 69.38%
Epoch [9/74], Train Loss: 0.5908, Validation Loss: 0.8616, Validation Accuracy: 72.71%
Epoch [10/74], Train Loss: 0.5213, Validation Loss: 0.8851, Validation Accuracy: 72.41%
Epoch [11/74], Train Loss: 0.4812, Validation Loss: 0.9649, Validation Accuracy: 72.51%
Epoch [12/74], Train Loss: 0.3141, Validation Loss: 0.5736, Validation Accuracy: 82.04%
New best model saved at: ./models/best_model.pth with accuracy: 82.04%
Epoch [13/74], Train Loss: 0.2498, Validation Loss: 0.5725, Validation Accuracy: 82.47%
New best model saved at: ./models/best_model.pth with accuracy: 82.47%
Epoch [14/74], Train Loss: 0.2221, Validation Loss: 0.5770, Validation Accuracy: 82.93%
New best model saved at: ./models/best_model.pth with accuracy: 82.93%
Epoch [15/74], Train Loss: 0.2043, Validation Loss: 0.5654, Validation Accuracy: 83.69%
New best model saved at: ./models/best_model.pth with accuracy: 83.69%
Epoch [16/74], Train Loss: 0.1834, Validation Loss: 0.5744, Validation Accuracy: 83.49%
Epoch [17/74], Train Loss: 0.1775, Validation Loss: 0.5811, Validation Accuracy: 83.41%
Epoch [18/74], Train Loss: 0.1612, Validation Loss: 0.5803, Validation Accuracy: 84.03%
New best model saved at: ./models/best_model.pth with accuracy: 84.03%
Epoch [19/74], Train Loss: 0.1532, Validation Loss: 0.6026, Validation Accuracy: 83.64%
Epoch [20/74], Train Loss: 0.1381, Validation Loss: 0.6136, Validation Accuracy: 83.46%
Epoch [21/74], Train Loss: 0.1301, Validation Loss: 0.6215, Validation Accuracy: 83.90%
Epoch [22/74], Train Loss: 0.1229, Validation Loss: 0.6141, Validation Accuracy: 84.18%
New best model saved at: ./models/best_model.pth with accuracy: 84.18%
Epoch [23/74], Train Loss: 0.1116, Validation Loss: 0.6284, Validation Accuracy: 83.95%
Epoch [24/74], Train Loss: 0.0980, Validation Loss: 0.6202, Validation Accuracy: 84.54%
New best model saved at: ./models/best_model.pth with accuracy: 84.54%
Epoch [25/74], Train Loss: 0.0922, Validation Loss: 0.6496, Validation Accuracy: 84.10%
Epoch [26/74], Train Loss: 0.0840, Validation Loss: 0.6581, Validation Accuracy: 83.57%
Epoch [27/74], Train Loss: 0.0769, Validation Loss: 0.6501, Validation Accuracy: 83.85%
Epoch [28/74], Train Loss: 0.0712, Validation Loss: 0.6701, Validation Accuracy: 83.52%
Epoch [29/74], Train Loss: 0.0626, Validation Loss: 0.6508, Validation Accuracy: 84.71%
New best model saved at: ./models/best_model.pth with accuracy: 84.71%
Epoch [30/74], Train Loss: 0.0555, Validation Loss: 0.6556, Validation Accuracy: 84.43%
Epoch [31/74], Train Loss: 0.0575, Validation Loss: 0.6547, Validation Accuracy: 84.66%
Epoch [32/74], Train Loss: 0.0549, Validation Loss: 0.6515, Validation Accuracy: 84.94%
New best model saved at: ./models/best_model.pth with accuracy: 84.94%
Epoch [33/74], Train Loss: 0.0585, Validation Loss: 0.6526, Validation Accuracy: 84.82%
Epoch [34/74], Train Loss: 0.0549, Validation Loss: 0.6578, Validation Accuracy: 84.74%
Epoch [35/74], Train Loss: 0.0512, Validation Loss: 0.6561, Validation Accuracy: 84.54%
Training and validation finished! Results saved to training_results.csv.
====JOB END : Thu 14 Aug 2025 01:58:49 PM KST ====
